
[ERROR] TEST: 2020-01-16 21:15:54 +0000 
 	 header: error zef<sg<f
[INFO] TEST: 2020-01-16 21:15:54 +0000 
 	 header: info zef<zefzzefh<f
[ERROR] TEST: 2020-01-16 21:15:54 +0000 
 	 header: error zef<sg<f
[INFO] TEST: 2020-01-16 21:15:54 +0000 
 	 header: info zef<zefzzefh<f
[ERROR] TEST: 2020-01-16 21:15:54 +0000 
 	 header: error zef<sg<f
[INFO] TEST: 2020-01-16 21:15:54 +0000 
 	 header: info zef<zefzzefh<f
[ERROR] TEST: 2020-01-16 21:15:54 +0000 
 	 header: error zef<sg<f
[INFO] TEST: 2020-01-16 21:15:54 +0000 
 	 header: info zef<zefzzefh<f
[ERROR] TEST: 2020-01-16 21:16:49 +0000 
 	 header: error zef<sg<f
[ERROR] TEST: 2020-01-16 21:16:49 +0000 
 	 header: error zef<sg<f
[ERROR] TEST: 2020-01-16 21:16:49 +0000 
 	 header: error zef<sg<f
[ERROR] TEST: 2020-01-16 21:16:49 +0000 
 	 header: error zef<sg<f
[ERROR] TEST: 2020-01-27 09:57:49 +0000 
 	 header: error zef<sg<f
[ERROR] TEST: 2020-01-27 09:57:49 +0000 
 	 header: error zef<sg<f
[ERROR] TEST: 2020-01-27 09:57:49 +0000 
 	 header: error zef<sg<f
[ERROR] TEST: 2020-01-27 09:57:49 +0000 
 	 header: error zef<sg<f
[ERROR] TEST: 2020-01-27 09:59:51 +0000 
 	 header: error zef<sg<f
[ERROR] TEST: 2020-01-27 09:59:51 +0000 
 	 header: error zef<sg<f
[ERROR] TEST: 2020-01-27 09:59:51 +0000 
 	 header: error zef<sg<f
[ERROR] TEST: 2020-01-27 09:59:51 +0000 
 	 header: error zef<sg<f